// Jest Snapshot v1, https://goo.gl/fbAQLP

exports[`MapData Snapshot Renders MapData unchanged 1`] = `
<div>
  <div
    class="w-full max-w-[23rem] flex-grow"
  >
    <div
      class="flex size-full flex-col items-end justify-between border-4 border-neutral-700 py-2"
    >
      <div
        data-testid="WeatherButton"
      />
      <div
        class="flex w-full flex-grow flex-col items-center gap-2 p-2"
      >
        <div
          class="flex min-h-[168px] items-center"
        >
          <svg
            fill="currentColor"
            height="240"
            id="Layer_1"
            stroke="currentColor"
            stroke-width="0.01"
            version="1.1"
            viewBox="0 0 30 30"
            width="240"
            x="0px"
            xmlns="http://www.w3.org/2000/svg"
            y="0px"
          >
            <path
              d="M6.87,18.23h1.94v-3.64h0.02l2.05,3.64h1.99v-6.66h-1.94v3.55h-0.02l-1.94-3.55h-2.1V18.23z M13.39,18.38h1.43l2.61-6.97
	h-1.42L13.39,18.38z M16.26,18.23h2.07l0.29-0.95h2.12l0.28,0.95h2.13l-2.43-6.66h-2.01L16.26,18.23z M19.07,15.84l0.64-2.04h0.03
	l0.6,2.04H19.07z"
            />
          </svg>
        </div>
        <div
          class="flex w-full flex-col items-start gap-4 px-2"
        >
          <div
            class="flex w-full flex-row gap-2 text-2xl"
          >
            <h1>
              Country:
            </h1>
            <h1
              class="flex flex-row gap-1"
            >
              <span
                class="text-sm font-extrabold"
              />
            </h1>
          </div>
          <div
            class="flex w-full flex-row gap-2 text-2xl"
          >
            <h1>
              Locality:
            </h1>
            <h1
              class="flex flex-row gap-1"
            >
              <span
                class="text-sm font-extrabold"
              />
            </h1>
          </div>
          <div
            class="flex w-full flex-row gap-2 text-2xl"
          >
            <h1>
              Latitude:
            </h1>
            <h1
              class="flex flex-row gap-1"
            >
              <span
                class="text-sm font-extrabold"
              />
            </h1>
          </div>
          <div
            class="flex w-full flex-row gap-2 text-2xl"
          >
            <h1>
              Longitude:
            </h1>
            <h1
              class="flex flex-row gap-1"
            >
              <span
                class="text-sm font-extrabold"
              />
            </h1>
          </div>
          <div
            class="flex w-full flex-row gap-2 text-2xl"
          >
            <h1>
              Description:
            </h1>
            <h1
              class="flex flex-row gap-1"
            >
              <span
                class="text-sm font-extrabold"
              />
            </h1>
          </div>
          <div
            class="flex w-full flex-row gap-2 text-2xl"
          >
            <h1>
              Min Temperature:
            </h1>
            <h1
              class="flex flex-row gap-1"
            >
              <span
                class="text-sm font-extrabold"
              />
            </h1>
          </div>
          <div
            class="flex w-full flex-row gap-2 text-2xl"
          >
            <h1>
              Max Temperature:
            </h1>
            <h1
              class="flex flex-row gap-1"
            >
              <span
                class="text-sm font-extrabold"
              />
            </h1>
          </div>
        </div>
      </div>
      <div
        data-testid="RemoveButton"
      />
    </div>
  </div>
</div>
`;
