// Jest Snapshot v1, https://goo.gl/fbAQLP

exports[`WeatherItem Snapshot Renders WeatherItem unchanged 1`] = `
<div>
  <div
    class="flex w-full flex-row gap-2 text-2xl"
  >
    <h1>
      :
    </h1>
    <h1
      class="flex flex-row gap-1"
    >
      <span
        class="text-sm font-extrabold"
      />
    </h1>
  </div>
</div>
`;
