// Jest Snapshot v1, https://goo.gl/fbAQLP

exports[`RemoveButton Snapshot Renders RemoveButton unchanged 1`] = `
<div>
  <div
    class="flex w-full justify-end px-2"
  >
    <button
      aria-label="remove"
      class="flex cursor-pointer items-center rounded-2xl p-2 bg-red-800 hover:bg-red-600 text-black text-lg font-extrabold"
    >
      <svg
        fill="currentColor"
        height="24"
        stroke="currentColor"
        stroke-width="2.5"
        viewBox="0 0 512 512"
        width="24"
        xmlns="http://www.w3.org/2000/svg"
      >
        <path
          d="m289.94 256 95-95A24 24 0 0 0 351 127l-95 95-95-95a24 24 0 0 0-34 34l95 95-95 95a24 24 0 1 0 34 34l95-95 95 95a24 24 0 0 0 34-34z"
        />
      </svg>
    </button>
  </div>
</div>
`;
