// Jest Snapshot v1, https://goo.gl/fbAQLP

exports[`WeatherButton Snapshot Renders WeatherButton unchanged 1`] = `
<div>
  <div
    class="flex w-full flex-row items-center justify-between px-2"
  >
    <button
      aria-label="weather"
      class="bg-emerald-600/80 hover:bg-emerald-500/80 p-2 rounded-xl w-full cursor-pointer px-2"
    >
      <div
        class="flex w-full flex-row items-center justify-between px-2"
      >
        <svg
          class="text-neutral-950"
          fill="currentColor"
          height="24"
          stroke="currentColor"
          stroke-width="2.5"
          viewBox="0 0 384 512"
          width="24"
          xmlns="http://www.w3.org/2000/svg"
        >
          <path
            d="M172.268 501.67C26.97 291.031 0 269.413 0 192 0 85.961 85.961 0 192 0s192 85.961 192 192c0 77.413-26.97 99.031-172.268 309.67-9.535 13.774-29.93 13.773-39.464 0zM192 272c44.183 0 80-35.817 80-80s-35.817-80-80-80-80 35.817-80 80 35.817 80 80 80z"
          />
        </svg>
        <div
          class="flex-grow"
        >
          <span
            class="text-xl font-bold text-neutral-950"
          >
            Lat: 
            0.000
          </span>
        </div>
        <div
          class="flex-grow"
        >
          <span
            class="text-xl font-bold text-neutral-950"
          >
            Lon: 
            0.000
          </span>
        </div>
      </div>
    </button>
  </div>
</div>
`;
